
 Start  Stop   Length Name               Class

 00000H 018D7H 018D8H _TEXT              CODE
 018D8H 025EBH 00D14H DEMO_TEXT          CODE
 025ECH 02E92H 008A7H XENSTART_TEXT      CODE
 02E93H 02E93H 00000H PERR_TEXT          CODE
 02E93H 03A72H 00BE0H BCREATE_TEXT       CODE
 03A73H 03FD4H 00562H B_SCHED_TEXT       CODE
 03FD5H 04273H 0029FH BKILL_TEXT         CODE
 04274H 0430AH 00097H START_TEXT         CODE
 0430BH 04770H 00466H INIT_TEXT          CODE
 04771H 04FC6H 00856H DOSOPEN_TEXT       CODE
 04FC7H 0582EH 00868H DOSREAD_TEXT       CODE
 0582FH 05CEDH 004BFH QLIST_TEXT         CODE
 05CEEH 05F0FH 00222H MESSAGE_TEXT       CODE
 05F10H 0655EH 0064FH SEMAPH_TEXT        CODE
 0655FH 07A84H 01526H NCONSOLE_TEXT      CODE
 07A85H 08109H 00685H NEWMEML_TEXT       CODE
 0810AH 08E0CH 00D03H CLOCK_TEXT         CODE
 08E0DH 0977CH 00970H IODOS_TEXT         CODE
 0977DH 0A961H 011E5H XVIDEO_TEXT        CODE
 0A962H 0AC20H 002BFH VIDEO_TEXT         CODE
 0AC21H 0B3CBH 007ABH TTY_TEXT           CODE
 0B3CCH 0C159H 00D8EH IO3_TEXT           CODE
 0C15AH 0C937H 007DEH PRINTF_TEXT        CODE
 0C938H 0CFB8H 00681H SIGNAL_TEXT        CODE
 0CFB9H 0D8FBH 00943H SCANF_TEXT         CODE
 0D8FCH 0DDEDH 004F2H SUBPRN_TEXT        CODE
 0DDEEH 0DDEEH 00000H MSG_US_TEXT        CODE
 0DDEEH 0E433H 00646H DEVICE_TEXT        CODE
 0E434H 0E9B9H 00586H FSPIPE_TEXT        CODE
 0E9BAH 0F3CAH 00A11H FDESC_TEXT         CODE
 0F3CBH 0F483H 000B9H CURS_TEXT          CODE
 0F484H 11A93H 02610H WIND1_TEXT         CODE
 11A94H 12DECH 01359H WIND2_TEXT         CODE
 12DEDH 13891H 00AA5H SHELL_TEXT         CODE
 13892H 13895H 00004H SPYTAB_TEXT        CODE
 13896H 1472CH 00E97H SPYCOM_TEXT        CODE
 14730H 14730H 00000H _FARDATA           FAR_DATA
 14730H 14730H 00000H _FARBSS            FAR_BSS
 14730H 14730H 00000H _OVERLAY_          OVRINFO
 14730H 14730H 00000H _1STUB_            STUBSEG
 14730H 16927H 021F8H _DATA              DATA
 16928H 16928H 00000H _CVTSEG            DATA
 16928H 16928H 00000H _SCNSEG            DATA
 16928H 16928H 00000H _CONST             CONST
 16928H 16928H 00000H CONST              CONST
 16928H 1692DH 00006H _INIT_             INITDATA
 1692EH 1692EH 00000H _INITEND_          INITDATA
 1692EH 1692EH 00000H _EXIT_             EXITDATA
 1692EH 1692EH 00000H _EXITEND_          EXITDATA
 1692EH 21E5FH 0B532H _BSS               BSS
 21E60H 21E60H 00000H _BSSEND            BSSEND
 21E60H 21EDFH 00080H _STACK             STACK

Program entry point at 0000:0000

